// Jest Snapshot v1, https://goo.gl/fbAQLP

exports[`Cart checkout() should return an object with the total and the list of items 1`] = `
Object {
  "items": Array [
    Object {
      "product": Object {
        "price": 23488,
        "title": "Adidas running shoes - men",
      },
      "quantity": 5,
    },
    Object {
      "product": Object {
        "price": 20000,
        "title": "Adidas running shoes - women",
      },
      "quantity": 3,
    },
  ],
  "total": 177440,
}
`;
